Information: Propagating switching activity (low effort zero delay simulation). (PWR-6)
Warning: Design has unannotated primary inputs. (PWR-414)
Warning: Design has unannotated sequential cell outputs. (PWR-415)
 
****************************************
Report : power
        -analysis_effort low
Design : img2_jtag_tap_wrap
Scenario(s): norm.tt0p8v85c.typical_CCworst
Version: P-2019.03-SP4
Date   : Wed Oct 30 20:03:56 2024
****************************************


Library(s) Used:

    tcbn16ffplusglbwp16p90cpdlvttt0p8v85c (File: /auto/da/project/16/selenga/lib/sc/syn/tt0p8v85c/tcbn16ffplusglbwp16p90cpdlvttt0p8v85c.db)
    tcbn16ffplusglbwp16p90cpdtt0p8v85c (File: /auto/da/project/16/selenga/lib/sc/syn/tt0p8v85c/tcbn16ffplusglbwp16p90cpdtt0p8v85c.db)
    tcbn16ffplusglbwp16p90cpdulvttt0p8v85c (File: /auto/da/project/16/selenga/lib/sc/syn/tt0p8v85c/tcbn16ffplusglbwp16p90cpdulvttt0p8v85c.db)


Global Operating Voltage = 0.8  
Power-specific unit information :
    Voltage Units = 1V
    Capacitance Units = 1.000000pf
    Time Units = 1ns
    Dynamic Power Units = 1mW    (derived from V,C,T units)
    Leakage Power Units = 1nW

Information: Correlated power is not available. (PWR-761)
Power Breakdown
---------------

                             Cell        Driven Net  Tot Dynamic      Cell
                             Internal    Switching   Power (mW)       Leakage
Cell                         Power (mW)  Power (mW)  (% Cell/Tot)     Power (nW)
--------------------------------------------------------------------------------
Netlist Power                   0.0983      0.0251   1.234e-01 (80%)  6.090e+03
Estimated Clock Tree Power   N/A         N/A          (N/A)           N/A
--------------------------------------------------------------------------------

                 Internal         Switching           Leakage            Total
Power Group      Power            Power               Power              Power   (   %    )  Attrs
--------------------------------------------------------------------------------------------------
io_pad             0.0000            0.0000            0.0000            0.0000  (   0.00%)
memory             0.0000            0.0000            0.0000            0.0000  (   0.00%)
black_box          0.0000            0.0000            0.0000            0.0000  (   0.00%)
clock_network  9.1231e-03        7.8817e-03        1.5896e+03        1.8594e-02  (  14.36%)
register       8.6859e-02        7.8485e-04        1.5692e+03        8.9213e-02  (  68.90%)
sequential         0.0000            0.0000            0.0000            0.0000  (   0.00%)
combinational  2.3532e-03        1.6389e-02        2.9311e+03        2.1674e-02  (  16.74%)
--------------------------------------------------------------------------------------------------
Total          9.8335e-02 mW     2.5056e-02 mW     6.0899e+03 nW         0.1295 mW
Information: Propagating switching activity (low effort zero delay simulation). (PWR-6)
Warning: Design has unannotated primary inputs. (PWR-414)
Warning: Design has unannotated sequential cell outputs. (PWR-415)
 
****************************************
Report : power
        -analysis_effort low
Design : img2_jtag_tap_wrap
Scenario(s): norm.ffgnp0p88vm40c.rcbest_CCbest
Version: P-2019.03-SP4
Date   : Wed Oct 30 20:03:56 2024
****************************************


Library(s) Used:

    tcbn16ffplusglbwp16p90cpdlvtffgnp0p88vm40c (File: /auto/da/project/16/selenga/lib/sc/syn/ffgnp0p88vm40c/tcbn16ffplusglbwp16p90cpdlvtffgnp0p88vm40c.db)
    tcbn16ffplusglbwp16p90cpdffgnp0p88vm40c (File: /auto/da/project/16/selenga/lib/sc/syn/ffgnp0p88vm40c/tcbn16ffplusglbwp16p90cpdffgnp0p88vm40c.db)
    tcbn16ffplusglbwp16p90cpdulvtffgnp0p88vm40c (File: /auto/da/project/16/selenga/lib/sc/syn/ffgnp0p88vm40c/tcbn16ffplusglbwp16p90cpdulvtffgnp0p88vm40c.db)


Global Operating Voltage = 0.88 
Power-specific unit information :
    Voltage Units = 1V
    Capacitance Units = 1.000000pf
    Time Units = 1ns
    Dynamic Power Units = 1mW    (derived from V,C,T units)
    Leakage Power Units = 1nW

Information: Correlated power is not available. (PWR-761)
Power Breakdown
---------------

                             Cell        Driven Net  Tot Dynamic      Cell
                             Internal    Switching   Power (mW)       Leakage
Cell                         Power (mW)  Power (mW)  (% Cell/Tot)     Power (nW)
--------------------------------------------------------------------------------
Netlist Power                   0.1177      0.0301      0.1478 (80%)   336.3618
Estimated Clock Tree Power   N/A         N/A          (N/A)           N/A
--------------------------------------------------------------------------------

                 Internal         Switching           Leakage            Total
Power Group      Power            Power               Power              Power   (   %    )  Attrs
--------------------------------------------------------------------------------------------------
io_pad             0.0000            0.0000            0.0000            0.0000  (   0.00%)
memory             0.0000            0.0000            0.0000            0.0000  (   0.00%)
black_box          0.0000            0.0000            0.0000            0.0000  (   0.00%)
clock_network  1.1984e-02        9.4401e-03           85.7325        2.1510e-02  (  14.52%)
register           0.1029        9.4492e-04           67.9978            0.1039  (  70.14%)
sequential         0.0000            0.0000            0.0000            0.0000  (   0.00%)
combinational  2.7845e-03        1.9754e-02          182.6209        2.2721e-02  (  15.34%)
--------------------------------------------------------------------------------------------------
Total              0.1177 mW     3.0139e-02 mW       336.3513 nW         0.1481 mW
Information: Propagating switching activity (low effort zero delay simulation). (PWR-6)
Warning: Design has unannotated primary inputs. (PWR-414)
Warning: Design has unannotated sequential cell outputs. (PWR-415)
 
****************************************
Report : power
        -analysis_effort low
Design : img2_jtag_tap_wrap
Scenario(s): norm.ssgnp0p72v125c.rcworst_CCworst
Version: P-2019.03-SP4
Date   : Wed Oct 30 20:03:56 2024
****************************************


Library(s) Used:

    tcbn16ffplusglbwp16p90cpdlvtssgnp0p72v125c (File: /auto/da/project/16/selenga/lib/sc/syn/ssgnp0p72v125c/tcbn16ffplusglbwp16p90cpdlvtssgnp0p72v125c.db)
    tcbn16ffplusglbwp16p90cpdssgnp0p72v125c (File: /auto/da/project/16/selenga/lib/sc/syn/ssgnp0p72v125c/tcbn16ffplusglbwp16p90cpdssgnp0p72v125c.db)
    tcbn16ffplusglbwp16p90cpdulvtssgnp0p72v125c (File: /auto/da/project/16/selenga/lib/sc/syn/ssgnp0p72v125c/tcbn16ffplusglbwp16p90cpdulvtssgnp0p72v125c.db)


Global Operating Voltage = 0.72 
Power-specific unit information :
    Voltage Units = 1V
    Capacitance Units = 1.000000pf
    Time Units = 1ns
    Dynamic Power Units = 1mW    (derived from V,C,T units)
    Leakage Power Units = 1nW

Information: Correlated power is not available. (PWR-761)
Power Breakdown
---------------

                             Cell        Driven Net  Tot Dynamic      Cell
                             Internal    Switching   Power (mW)       Leakage
Cell                         Power (mW)  Power (mW)  (% Cell/Tot)     Power (nW)
--------------------------------------------------------------------------------
Netlist Power                   0.0831      0.0203   1.034e-01 (80%)  6.239e+03
Estimated Clock Tree Power   N/A         N/A          (N/A)           N/A
--------------------------------------------------------------------------------

                 Internal         Switching           Leakage            Total
Power Group      Power            Power               Power              Power   (   %    )  Attrs
--------------------------------------------------------------------------------------------------
io_pad             0.0000            0.0000            0.0000            0.0000  (   0.00%)
memory             0.0000            0.0000            0.0000            0.0000  (   0.00%)
black_box          0.0000            0.0000            0.0000            0.0000  (   0.00%)
clock_network  7.5140e-03        6.4376e-03        1.5507e+03        1.5502e-02  (  14.14%)
register       7.3490e-02        6.3264e-04        1.6727e+03        7.5795e-02  (  69.14%)
sequential         0.0000            0.0000            0.0000            0.0000  (   0.00%)
combinational  2.0658e-03        1.3252e-02        3.0152e+03        1.8333e-02  (  16.72%)
--------------------------------------------------------------------------------------------------
Total          8.3069e-02 mW     2.0322e-02 mW     6.2385e+03 nW         0.1096 mW
1
