 
****************************************
Report : constraint
        -all_violators
        -max_delay
        -min_delay
        -max_capacitance
        -max_transition
Design : img2_jtag_tap_wrap
Scenario(s): norm.tt0p8v85c.typical_CCworst norm.ffgnp0p88vm40c.rcbest_CCbest norm.ssgnp0p72v125c.rcworst_CCworst
Version: P-2019.03-SP4
Date   : Wed Nov 20 18:52:45 2024
****************************************


   max_delay/setup ('REGOUT' group)

                             Required        Actual
   Endpoint                 Path Delay     Path Delay        Slack             Scenario
   -----------------------------------------------------------------
   tdo                         0.020          0.078 r       -0.058  (VIOLATED) norm.tt0p8v85c.typical_CCworst
   tdo_enable                  0.020          0.067 r       -0.047  (VIOLATED) norm.tt0p8v85c.typical_CCworst


   max_delay/setup ('REGOUT' group)

                             Required        Actual
   Endpoint                 Path Delay     Path Delay        Slack             Scenario
   -----------------------------------------------------------------
   tdo                         0.080          0.110 r       -0.030  (VIOLATED) norm.ssgnp0p72v125c.rcworst_CCworst
   tdo_enable                  0.080          0.093 r       -0.013  (VIOLATED) norm.ssgnp0p72v125c.rcworst_CCworst


   min_delay/hold ('clock' group)

                             Required        Actual
   Endpoint                 Path Delay     Path Delay        Slack             Scenario
   -----------------------------------------------------------------
   i_img2_jtag_attn_dbg_attn_flags_r1_reg_0_/D    0.070    0.063 f   -0.008 (VIOLATED) norm.tt0p8v85c.typical_CCworst
   i_img2_jtag_attn_dbg_ext_stat_r1_reg_0_/D    0.070    0.063 f   -0.007 (VIOLATED) norm.tt0p8v85c.typical_CCworst
   i_img2_jtag_attn_dbg_rstatn_r1_reg_0_/D    0.070    0.063 f   -0.007 (VIOLATED) norm.tt0p8v85c.typical_CCworst
   i_img2_jtag_attn_stat_reg_reg_1_/D    0.070    0.070 f    0.000  (VIOLATED: increase significant digits) norm.tt0p8v85c.typical_CCworst


   min_delay/hold ('clock' group)

                             Required        Actual
   Endpoint                 Path Delay     Path Delay        Slack             Scenario
   -----------------------------------------------------------------
   i_img2_jtag_attn_dbg_attn_flags_r1_reg_0_/D    0.063    0.049 f   -0.014 (VIOLATED) norm.ffgnp0p88vm40c.rcbest_CCbest
   i_img2_jtag_attn_dbg_ext_stat_r1_reg_0_/D    0.063    0.049 f   -0.014 (VIOLATED) norm.ffgnp0p88vm40c.rcbest_CCbest
   i_img2_jtag_attn_dbg_rstatn_r1_reg_0_/D    0.063    0.049 f   -0.014 (VIOLATED) norm.ffgnp0p88vm40c.rcbest_CCbest
   i_img2_jtag_attn_stat_reg_reg_1_/D    0.063    0.054 f   -0.009  (VIOLATED) norm.ffgnp0p88vm40c.rcbest_CCbest
   i_img2_jtag_attn_stat_shift_reg_reg_0_/D    0.063    0.055 f   -0.008 (VIOLATED) norm.ffgnp0p88vm40c.rcbest_CCbest
   i_img2_jtag_attn_stat_shift_reg_reg_1_/D    0.063    0.056 f   -0.007 (VIOLATED) norm.ffgnp0p88vm40c.rcbest_CCbest
   i_img2_jtag_tap_i_img2_jtag_tap_controller_data_out_reg_3_/D    0.063    0.056 f   -0.007 (VIOLATED) norm.ffgnp0p88vm40c.rcbest_CCbest
   i_img2_jtag_attn_attn_shift_reg_reg_0_/D    0.063    0.056 f   -0.007 (VIOLATED) norm.ffgnp0p88vm40c.rcbest_CCbest
   i_img2_jtag_tap_i_img2_jtag_tap_controller_ir_reg_i_reg_2_/D    0.063    0.056 f   -0.007 (VIOLATED) norm.ffgnp0p88vm40c.rcbest_CCbest
   i_img2_jtag_tap_i_img2_jtag_tap_controller_data_out_reg_2_/D    0.063    0.056 f   -0.007 (VIOLATED) norm.ffgnp0p88vm40c.rcbest_CCbest
   i_img2_jtag_attn_stat_reg_reg_2_/D    0.063    0.056 f   -0.007  (VIOLATED) norm.ffgnp0p88vm40c.rcbest_CCbest
   i_img2_jtag_tap_i_img2_jtag_tap_controller_ir_reg_i_reg_3_/D    0.063    0.056 f   -0.007 (VIOLATED) norm.ffgnp0p88vm40c.rcbest_CCbest
   i_img2_jtag_tap_i_img2_jtag_tap_controller_ir_reg_i_reg_1_/D    0.063    0.056 f   -0.007 (VIOLATED) norm.ffgnp0p88vm40c.rcbest_CCbest
   i_img2_jtag_attn_stat_reg_reg_3_/D    0.063    0.057 f   -0.006  (VIOLATED) norm.ffgnp0p88vm40c.rcbest_CCbest
   i_img2_jtag_tap_i_img2_jtag_tap_controller_data_out_reg_1_/D    0.063    0.057 f   -0.006 (VIOLATED) norm.ffgnp0p88vm40c.rcbest_CCbest
   i_img2_jtag_attn_stat_reg_reg_0_/D    0.063    0.057 f   -0.006  (VIOLATED) norm.ffgnp0p88vm40c.rcbest_CCbest
   i_img2_jtag_attn_cont_reg_reg_3_/D    0.057    0.051 f   -0.006  (VIOLATED) norm.ffgnp0p88vm40c.rcbest_CCbest
   i_img2_jtag_attn_cont_reg_reg_2_/D    0.057    0.051 f   -0.005  (VIOLATED) norm.ffgnp0p88vm40c.rcbest_CCbest
   i_img2_jtag_tap_idcode_reg_reg_19_/D    0.063    0.058 f   -0.005 (VIOLATED) norm.ffgnp0p88vm40c.rcbest_CCbest
   i_img2_jtag_tap_idcode_reg_reg_9_/D    0.063    0.058 f   -0.005 (VIOLATED) norm.ffgnp0p88vm40c.rcbest_CCbest
   i_img2_jtag_tap_idcode_reg_reg_11_/D    0.063    0.058 f   -0.005 (VIOLATED) norm.ffgnp0p88vm40c.rcbest_CCbest
   i_img2_jtag_pnp_jpnp_shift_reg_reg_27_/D    0.063    0.058 f   -0.005 (VIOLATED) norm.ffgnp0p88vm40c.rcbest_CCbest
   i_img2_jtag_pnp_jpnp_shift_reg_reg_66_/D    0.063    0.058 f   -0.005 (VIOLATED) norm.ffgnp0p88vm40c.rcbest_CCbest
   i_img2_jtag_pnp_jpnp_shift_reg_reg_15_/D    0.063    0.058 f   -0.005 (VIOLATED) norm.ffgnp0p88vm40c.rcbest_CCbest
   i_img2_jtag_pnp_jpnp_shift_reg_reg_31_/D    0.063    0.058 f   -0.005 (VIOLATED) norm.ffgnp0p88vm40c.rcbest_CCbest
   i_img2_jtag_attn_cont_reg_reg_1_/D    0.057    0.052 f   -0.005  (VIOLATED) norm.ffgnp0p88vm40c.rcbest_CCbest
   i_img2_jtag_pnp_jpnp_shift_reg_reg_59_/D    0.063    0.058 f   -0.005 (VIOLATED) norm.ffgnp0p88vm40c.rcbest_CCbest
   i_img2_jtag_tap_idcode_reg_reg_6_/D    0.063    0.058 f   -0.005 (VIOLATED) norm.ffgnp0p88vm40c.rcbest_CCbest
   i_img2_jtag_pnp_jpnp_shift_reg_reg_21_/D    0.063    0.058 f   -0.005 (VIOLATED) norm.ffgnp0p88vm40c.rcbest_CCbest
   i_img2_jtag_pnp_jpnp_shift_reg_reg_10_/D    0.063    0.058 f   -0.005 (VIOLATED) norm.ffgnp0p88vm40c.rcbest_CCbest
   i_img2_jtag_pnp_jpnp_shift_reg_reg_47_/D    0.063    0.058 f   -0.005 (VIOLATED) norm.ffgnp0p88vm40c.rcbest_CCbest
   i_img2_jtag_tap_idcode_reg_reg_29_/D    0.063    0.058 f   -0.005 (VIOLATED) norm.ffgnp0p88vm40c.rcbest_CCbest
   i_img2_jtag_pnp_jpnp_shift_reg_reg_12_/D    0.063    0.058 f   -0.005 (VIOLATED) norm.ffgnp0p88vm40c.rcbest_CCbest
   i_img2_jtag_pnp_jpnp_shift_reg_reg_37_/D    0.063    0.058 f   -0.005 (VIOLATED) norm.ffgnp0p88vm40c.rcbest_CCbest
   i_img2_jtag_tap_idcode_reg_reg_5_/D    0.063    0.058 f   -0.005 (VIOLATED) norm.ffgnp0p88vm40c.rcbest_CCbest
   i_img2_jtag_tap_idcode_reg_reg_17_/D    0.063    0.058 f   -0.005 (VIOLATED) norm.ffgnp0p88vm40c.rcbest_CCbest
   i_img2_jtag_tap_idcode_reg_reg_23_/D    0.063    0.058 f   -0.005 (VIOLATED) norm.ffgnp0p88vm40c.rcbest_CCbest
   i_img2_jtag_pnp_jpnp_shift_reg_reg_19_/D    0.063    0.058 f   -0.005 (VIOLATED) norm.ffgnp0p88vm40c.rcbest_CCbest
   i_img2_jtag_pnp_jpnp_shift_reg_reg_9_/D    0.063    0.058 f   -0.005 (VIOLATED) norm.ffgnp0p88vm40c.rcbest_CCbest
   i_img2_jtag_pnp_jpnp_shift_reg_reg_50_/D    0.063    0.058 f   -0.005 (VIOLATED) norm.ffgnp0p88vm40c.rcbest_CCbest
   i_img2_jtag_tap_idcode_reg_reg_20_/D    0.063    0.058 f   -0.005 (VIOLATED) norm.ffgnp0p88vm40c.rcbest_CCbest
   i_img2_jtag_pnp_jpnp_shift_reg_reg_17_/D    0.063    0.058 f   -0.005 (VIOLATED) norm.ffgnp0p88vm40c.rcbest_CCbest
   i_img2_jtag_pnp_jpnp_shift_reg_reg_30_/D    0.063    0.058 f   -0.005 (VIOLATED) norm.ffgnp0p88vm40c.rcbest_CCbest
   i_img2_jtag_pnp_jpnp_shift_reg_reg_26_/D    0.063    0.058 f   -0.005 (VIOLATED) norm.ffgnp0p88vm40c.rcbest_CCbest
   i_img2_jtag_tap_idcode_reg_reg_16_/D    0.063    0.058 f   -0.005 (VIOLATED) norm.ffgnp0p88vm40c.rcbest_CCbest
   i_img2_jtag_tap_idcode_reg_reg_26_/D    0.063    0.058 f   -0.005 (VIOLATED) norm.ffgnp0p88vm40c.rcbest_CCbest
   i_img2_jtag_tap_idcode_reg_reg_10_/D    0.063    0.058 f   -0.005 (VIOLATED) norm.ffgnp0p88vm40c.rcbest_CCbest
   i_img2_jtag_pnp_jpnp_shift_reg_reg_4_/D    0.063    0.058 f   -0.005 (VIOLATED) norm.ffgnp0p88vm40c.rcbest_CCbest
   i_img2_jtag_tap_idcode_reg_reg_25_/D    0.063    0.058 f   -0.005 (VIOLATED) norm.ffgnp0p88vm40c.rcbest_CCbest
   i_img2_jtag_pnp_jpnp_shift_reg_reg_57_/D    0.063    0.058 f   -0.005 (VIOLATED) norm.ffgnp0p88vm40c.rcbest_CCbest
   i_img2_jtag_pnp_jpnp_shift_reg_reg_41_/D    0.063    0.058 f   -0.005 (VIOLATED) norm.ffgnp0p88vm40c.rcbest_CCbest
   i_img2_jtag_tap_idcode_reg_reg_21_/D    0.063    0.058 f   -0.005 (VIOLATED) norm.ffgnp0p88vm40c.rcbest_CCbest
   i_img2_jtag_pnp_jpnp_shift_reg_reg_22_/D    0.063    0.058 f   -0.005 (VIOLATED) norm.ffgnp0p88vm40c.rcbest_CCbest
   i_img2_jtag_pnp_jpnp_shift_reg_reg_53_/D    0.063    0.058 f   -0.005 (VIOLATED) norm.ffgnp0p88vm40c.rcbest_CCbest
   i_img2_jtag_tap_idcode_reg_reg_13_/D    0.063    0.058 f   -0.005 (VIOLATED) norm.ffgnp0p88vm40c.rcbest_CCbest
   i_img2_jtag_pnp_jpnp_shift_reg_reg_18_/D    0.063    0.058 f   -0.005 (VIOLATED) norm.ffgnp0p88vm40c.rcbest_CCbest
   i_img2_jtag_pnp_jpnp_shift_reg_reg_52_/D    0.063    0.058 f   -0.005 (VIOLATED) norm.ffgnp0p88vm40c.rcbest_CCbest
   i_img2_jtag_pnp_jpnp_shift_reg_reg_42_/D    0.063    0.058 f   -0.005 (VIOLATED) norm.ffgnp0p88vm40c.rcbest_CCbest
   i_img2_jtag_pnp_jpnp_shift_reg_reg_23_/D    0.063    0.058 f   -0.005 (VIOLATED) norm.ffgnp0p88vm40c.rcbest_CCbest
   i_img2_jtag_pnp_jpnp_shift_reg_reg_28_/D    0.063    0.058 f   -0.005 (VIOLATED) norm.ffgnp0p88vm40c.rcbest_CCbest
   i_img2_jtag_pnp_jpnp_shift_reg_reg_24_/D    0.063    0.058 f   -0.005 (VIOLATED) norm.ffgnp0p88vm40c.rcbest_CCbest
   i_img2_jtag_pnp_jpnp_shift_reg_reg_51_/D    0.063    0.058 f   -0.005 (VIOLATED) norm.ffgnp0p88vm40c.rcbest_CCbest
   i_img2_jtag_pnp_jpnp_shift_reg_reg_25_/D    0.063    0.058 f   -0.004 (VIOLATED) norm.ffgnp0p88vm40c.rcbest_CCbest
   i_img2_jtag_pnp_jpnp_shift_reg_reg_29_/D    0.063    0.058 f   -0.004 (VIOLATED) norm.ffgnp0p88vm40c.rcbest_CCbest
   i_img2_jtag_pnp_jpnp_shift_reg_reg_46_/D    0.063    0.058 f   -0.004 (VIOLATED) norm.ffgnp0p88vm40c.rcbest_CCbest
   i_img2_jtag_tap_idcode_reg_reg_24_/D    0.063    0.058 f   -0.004 (VIOLATED) norm.ffgnp0p88vm40c.rcbest_CCbest
   i_img2_jtag_pnp_jpnp_shift_reg_reg_20_/D    0.063    0.059 f   -0.004 (VIOLATED) norm.ffgnp0p88vm40c.rcbest_CCbest
   i_img2_jtag_pnp_jpnp_shift_reg_reg_3_/D    0.063    0.058 f   -0.004 (VIOLATED) norm.ffgnp0p88vm40c.rcbest_CCbest
   i_img2_jtag_pnp_jpnp_shift_reg_reg_13_/D    0.063    0.059 f   -0.004 (VIOLATED) norm.ffgnp0p88vm40c.rcbest_CCbest
   i_img2_jtag_pnp_jpnp_shift_reg_reg_60_/D    0.063    0.058 f   -0.004 (VIOLATED) norm.ffgnp0p88vm40c.rcbest_CCbest
   i_img2_jtag_tap_idcode_reg_reg_30_/D    0.063    0.059 f   -0.004 (VIOLATED) norm.ffgnp0p88vm40c.rcbest_CCbest
   i_img2_jtag_pnp_jpnp_shift_reg_reg_40_/D    0.063    0.059 f   -0.004 (VIOLATED) norm.ffgnp0p88vm40c.rcbest_CCbest
   i_img2_jtag_pnp_jpnp_shift_reg_reg_33_/D    0.063    0.059 f   -0.004 (VIOLATED) norm.ffgnp0p88vm40c.rcbest_CCbest
   i_img2_jtag_tap_idcode_reg_reg_12_/D    0.063    0.059 f   -0.004 (VIOLATED) norm.ffgnp0p88vm40c.rcbest_CCbest
   i_img2_jtag_pnp_jpnp_shift_reg_reg_39_/D    0.063    0.059 f   -0.004 (VIOLATED) norm.ffgnp0p88vm40c.rcbest_CCbest
   i_img2_jtag_pnp_jpnp_shift_reg_reg_63_/D    0.063    0.059 f   -0.004 (VIOLATED) norm.ffgnp0p88vm40c.rcbest_CCbest
   i_img2_jtag_attn_stat_shift_reg_reg_3_/D    0.063    0.059 f   -0.004 (VIOLATED) norm.ffgnp0p88vm40c.rcbest_CCbest
   i_img2_jtag_pnp_jpnp_shift_reg_reg_6_/D    0.063    0.059 f   -0.004 (VIOLATED) norm.ffgnp0p88vm40c.rcbest_CCbest
   i_img2_jtag_pnp_jpnp_shift_reg_reg_55_/D    0.063    0.059 f   -0.004 (VIOLATED) norm.ffgnp0p88vm40c.rcbest_CCbest
   i_img2_jtag_pnp_jpnp_shift_reg_reg_61_/D    0.063    0.059 f   -0.004 (VIOLATED) norm.ffgnp0p88vm40c.rcbest_CCbest
   i_img2_jtag_pnp_jpnp_shift_reg_reg_44_/D    0.063    0.059 f   -0.004 (VIOLATED) norm.ffgnp0p88vm40c.rcbest_CCbest
   i_img2_jtag_pnp_jpnp_shift_reg_reg_38_/D    0.063    0.059 f   -0.004 (VIOLATED) norm.ffgnp0p88vm40c.rcbest_CCbest
   i_img2_jtag_tap_i_img2_jtag_tap_controller_ir_reg_i_reg_0_/D    0.063    0.059 f   -0.004 (VIOLATED) norm.ffgnp0p88vm40c.rcbest_CCbest
   i_img2_jtag_pnp_jpnp_shift_reg_reg_36_/D    0.063    0.059 f   -0.004 (VIOLATED) norm.ffgnp0p88vm40c.rcbest_CCbest
   i_img2_jtag_pnp_jpnp_shift_reg_reg_7_/D    0.063    0.059 f   -0.004 (VIOLATED) norm.ffgnp0p88vm40c.rcbest_CCbest
   i_img2_jtag_tap_idcode_reg_reg_0_/D    0.063    0.059 f   -0.004 (VIOLATED) norm.ffgnp0p88vm40c.rcbest_CCbest
   i_img2_jtag_pnp_jpnp_shift_reg_reg_43_/D    0.063    0.059 f   -0.004 (VIOLATED) norm.ffgnp0p88vm40c.rcbest_CCbest
   i_img2_jtag_pnp_jpnp_shift_reg_reg_64_/D    0.063    0.059 f   -0.004 (VIOLATED) norm.ffgnp0p88vm40c.rcbest_CCbest
   i_img2_jtag_tap_idcode_reg_reg_15_/D    0.063    0.059 f   -0.004 (VIOLATED) norm.ffgnp0p88vm40c.rcbest_CCbest
   i_img2_jtag_pnp_jpnp_shift_reg_reg_48_/D    0.063    0.059 f   -0.004 (VIOLATED) norm.ffgnp0p88vm40c.rcbest_CCbest
   i_img2_jtag_pnp_jpnp_shift_reg_reg_45_/D    0.063    0.059 f   -0.004 (VIOLATED) norm.ffgnp0p88vm40c.rcbest_CCbest
   i_img2_jtag_tap_idcode_reg_reg_18_/D    0.063    0.059 f   -0.004 (VIOLATED) norm.ffgnp0p88vm40c.rcbest_CCbest
   i_img2_jtag_tap_idcode_reg_reg_4_/D    0.063    0.059 f   -0.004 (VIOLATED) norm.ffgnp0p88vm40c.rcbest_CCbest
   i_img2_jtag_pnp_jpnp_shift_reg_reg_1_/D    0.063    0.059 f   -0.004 (VIOLATED) norm.ffgnp0p88vm40c.rcbest_CCbest
   i_img2_jtag_pnp_jpnp_shift_reg_reg_54_/D    0.063    0.059 f   -0.004 (VIOLATED) norm.ffgnp0p88vm40c.rcbest_CCbest
   i_img2_jtag_pnp_jpnp_shift_reg_reg_16_/D    0.063    0.059 f   -0.004 (VIOLATED) norm.ffgnp0p88vm40c.rcbest_CCbest
   i_img2_jtag_pnp_jpnp_shift_reg_reg_32_/D    0.063    0.059 f   -0.003 (VIOLATED) norm.ffgnp0p88vm40c.rcbest_CCbest
   i_img2_jtag_pnp_jpnp_shift_reg_reg_14_/D    0.063    0.060 f   -0.003 (VIOLATED) norm.ffgnp0p88vm40c.rcbest_CCbest
   i_img2_jtag_pnp_jpnp_shift_reg_reg_5_/D    0.063    0.059 f   -0.003 (VIOLATED) norm.ffgnp0p88vm40c.rcbest_CCbest
   i_img2_jtag_tap_idcode_reg_reg_28_/D    0.063    0.059 f   -0.003 (VIOLATED) norm.ffgnp0p88vm40c.rcbest_CCbest
   i_img2_jtag_pnp_jpnp_shift_reg_reg_0_/D    0.063    0.059 f   -0.003 (VIOLATED) norm.ffgnp0p88vm40c.rcbest_CCbest
   i_img2_jtag_pnp_jpnp_shift_reg_reg_2_/D    0.063    0.059 f   -0.003 (VIOLATED) norm.ffgnp0p88vm40c.rcbest_CCbest
   i_img2_jtag_pnp_jpnp_shift_reg_reg_35_/D    0.063    0.060 f   -0.003 (VIOLATED) norm.ffgnp0p88vm40c.rcbest_CCbest
   i_img2_jtag_pnp_jpnp_shift_reg_reg_62_/D    0.063    0.060 f   -0.003 (VIOLATED) norm.ffgnp0p88vm40c.rcbest_CCbest
   i_img2_jtag_pnp_jpnp_shift_reg_reg_58_/D    0.063    0.060 f   -0.003 (VIOLATED) norm.ffgnp0p88vm40c.rcbest_CCbest
   i_img2_jtag_pnp_jpnp_shift_reg_reg_11_/D    0.063    0.060 f   -0.003 (VIOLATED) norm.ffgnp0p88vm40c.rcbest_CCbest
   i_img2_jtag_tap_idcode_reg_reg_22_/D    0.063    0.060 f   -0.003 (VIOLATED) norm.ffgnp0p88vm40c.rcbest_CCbest
   i_img2_jtag_attn_cont_reg_reg_0_/D    0.056    0.053 f   -0.003  (VIOLATED) norm.ffgnp0p88vm40c.rcbest_CCbest
   i_img2_jtag_tap_idcode_reg_reg_8_/D    0.063    0.060 f   -0.003 (VIOLATED) norm.ffgnp0p88vm40c.rcbest_CCbest
   i_img2_jtag_pnp_jpnp_shift_reg_reg_49_/D    0.063    0.060 f   -0.003 (VIOLATED) norm.ffgnp0p88vm40c.rcbest_CCbest
   i_img2_jtag_pnp_jpnp_shift_reg_reg_8_/D    0.063    0.060 f   -0.003 (VIOLATED) norm.ffgnp0p88vm40c.rcbest_CCbest
   i_img2_jtag_pnp_jpnp_shift_reg_reg_34_/D    0.063    0.060 f   -0.003 (VIOLATED) norm.ffgnp0p88vm40c.rcbest_CCbest
   i_img2_jtag_pnp_jpnp_shift_reg_reg_56_/D    0.063    0.060 f   -0.003 (VIOLATED) norm.ffgnp0p88vm40c.rcbest_CCbest
   i_img2_jtag_pnp_jpnp_shift_reg_reg_65_/D    0.063    0.060 f   -0.003 (VIOLATED) norm.ffgnp0p88vm40c.rcbest_CCbest
   i_img2_jtag_attn_stat_shift_reg_reg_2_/D    0.063    0.062 f   -0.001 (VIOLATED) norm.ffgnp0p88vm40c.rcbest_CCbest
   i_img2_jtag_tap_idcode_reg_reg_1_/D    0.063    0.063 f    0.000 (VIOLATED: increase significant digits) norm.ffgnp0p88vm40c.rcbest_CCbest
   i_img2_jtag_attn_cont_shift_reg_reg_2_/D    0.063    0.063 f    0.000 (VIOLATED: increase significant digits) norm.ffgnp0p88vm40c.rcbest_CCbest
   i_img2_jtag_tap_idcode_reg_reg_27_/D    0.063    0.063 f    0.000 (VIOLATED: increase significant digits) norm.ffgnp0p88vm40c.rcbest_CCbest
   i_img2_jtag_attn_attn_shift_reg_reg_1_/D    0.063    0.063 f    0.000 (VIOLATED: increase significant digits) norm.ffgnp0p88vm40c.rcbest_CCbest


   max_transition

                             Required        Actual
   Net                      Transition     Transition        Slack             Scenario
   -----------------------------------------------------------------
   dbg_avail_force[0]          0.030          0.397         -0.367  (VIOLATED) norm.tt0p8v85c.typical_CCworst
       PIN :   U521/A2         0.060          0.397         -0.337  (VIOLATED)
       PORT :  dbg_avail_force[0]    0.030    0.397         -0.367  (VIOLATED)
       PIN :   U536/Z          0.060          0.397         -0.337  (VIOLATED)
   dbg_resetn_force[0]         0.030          0.396         -0.366  (VIOLATED) norm.tt0p8v85c.typical_CCworst
       PIN :   U523/A2         0.060          0.396         -0.336  (VIOLATED)
       PORT :  dbg_resetn_force[0]    0.030    0.396        -0.366  (VIOLATED)
       PIN :   U551/Z          0.060          0.396         -0.336  (VIOLATED)
   dbg_dat_ud[0]               0.030          0.393         -0.363  (VIOLATED) norm.tt0p8v85c.typical_CCworst
       PORT :  dbg_dat_ud[0]    0.030         0.393         -0.363  (VIOLATED)
       PIN :   U541/Z          0.060          0.393         -0.333  (VIOLATED)
   dbg_datf_cp[0]              0.030          0.392         -0.362  (VIOLATED) norm.tt0p8v85c.typical_CCworst
       PORT :  dbg_datf_cp[0]    0.030        0.392         -0.362  (VIOLATED)
       PIN :   U538/Z          0.060          0.392         -0.332  (VIOLATED)
   dbg_resetn_flevel[0]        0.030          0.392         -0.362  (VIOLATED) norm.tt0p8v85c.typical_CCworst
       PORT :  dbg_resetn_flevel[0]    0.030    0.392       -0.362  (VIOLATED)
       PIN :   U534/Z          0.060          0.392         -0.332  (VIOLATED)
   dbg_dat_sh[0]               0.030          0.391         -0.361  (VIOLATED) norm.tt0p8v85c.typical_CCworst
       PORT :  dbg_dat_sh[0]    0.030         0.391         -0.361  (VIOLATED)
       PIN :   U542/Z          0.060          0.391         -0.331  (VIOLATED)
   dbg_datm_ud[0]              0.030          0.391         -0.361  (VIOLATED) norm.tt0p8v85c.typical_CCworst
       PORT :  dbg_datm_ud[0]    0.030        0.391         -0.361  (VIOLATED)
       PIN :   U540/Z          0.060          0.391         -0.331  (VIOLATED)
   dbg_datf_ud[0]              0.030          0.391         -0.361  (VIOLATED) norm.tt0p8v85c.typical_CCworst
       PORT :  dbg_datf_ud[0]    0.030        0.391         -0.361  (VIOLATED)
       PIN :   U539/Z          0.060          0.391         -0.331  (VIOLATED)
   dbg_datf_sh[0]              0.030          0.391         -0.361  (VIOLATED) norm.tt0p8v85c.typical_CCworst
       PORT :  dbg_datf_sh[0]    0.030        0.391         -0.361  (VIOLATED)
       PIN :   U543/Z          0.060          0.391         -0.331  (VIOLATED)
   dbg_datm_cp[0]              0.030          0.390         -0.360  (VIOLATED) norm.tt0p8v85c.typical_CCworst
       PORT :  dbg_datm_cp[0]    0.030        0.390         -0.360  (VIOLATED)
       PIN :   U544/Z          0.060          0.390         -0.330  (VIOLATED)
   dbg_datm_sh[0]              0.030          0.390         -0.360  (VIOLATED) norm.tt0p8v85c.typical_CCworst
       PORT :  dbg_datm_sh[0]    0.030        0.390         -0.360  (VIOLATED)
       PIN :   U545/Z          0.060          0.390         -0.330  (VIOLATED)
   dbg_dat_cp[0]               0.030          0.268         -0.238  (VIOLATED) norm.tt0p8v85c.typical_CCworst
       PORT :  dbg_dat_cp[0]    0.030         0.268         -0.238  (VIOLATED)
       PIN :   U537/Z          0.060          0.268         -0.208  (VIOLATED)
   dbg_dat_si[0]               0.030          0.080         -0.050  (VIOLATED) norm.tt0p8v85c.typical_CCworst
       PORT :  dbg_dat_si[0]    0.030         0.080         -0.050  (VIOLATED)
       PIN :   U532/Z          0.060          0.080         -0.020  (VIOLATED)
   dbg_datf_si[0]              0.030          0.080         -0.050  (VIOLATED) norm.tt0p8v85c.typical_CCworst
       PORT :  dbg_datf_si[0]    0.030        0.080         -0.050  (VIOLATED)
       PIN :   U548/Z          0.060          0.080         -0.020  (VIOLATED)
   dbg_datm_si[0]              0.030          0.080         -0.050  (VIOLATED) norm.tt0p8v85c.typical_CCworst
       PORT :  dbg_datm_si[0]    0.030        0.080         -0.050  (VIOLATED)
       PIN :   U531/Z          0.060          0.080         -0.020  (VIOLATED)
   n382                        0.060          0.101         -0.041  (VIOLATED) norm.tt0p8v85c.typical_CCworst
       PIN :   i_img2_jtag_tap_tdo_reg/CDN    0.060    0.101   -0.041 (VIOLATED)
       PIN :   i_img2_jtag_tap_tdo_enable_reg/CDN    0.060    0.101   -0.041 (VIOLATED)
       PIN :   i_img2_jtag_tap_i_img2_jtag_tap_controller_data_out_reg_0_/SDN    0.060    0.101   -0.041 (VIOLATED)
       PIN :   i_img2_jtag_tap_i_img2_jtag_tap_controller_ir_reg_i_reg_0_/SDN    0.060    0.101   -0.041 (VIOLATED)
       PIN :   i_img2_jtag_tap_i_img2_jtag_tap_controller_ir_reg_i_reg_3_/CDN    0.060    0.101   -0.041 (VIOLATED)
       PIN :   i_img2_jtag_tap_i_img2_jtag_tap_controller_jstate_reg_2_/CDN    0.060    0.101   -0.041 (VIOLATED)
       PIN :   i_img2_jtag_tap_i_img2_jtag_tap_controller_jstate_reg_3_/CDN    0.060    0.101   -0.041 (VIOLATED)
       PIN :   i_img2_jtag_tap_i_img2_jtag_tap_controller_jstate_reg_0_/CDN    0.060    0.101   -0.041 (VIOLATED)
       PIN :   i_img2_jtag_tap_i_img2_jtag_tap_controller_jstate_reg_1_/CDN    0.060    0.101   -0.041 (VIOLATED)
       PIN :   i_img2_jtag_tap_i_img2_jtag_tap_controller_data_out_reg_3_/CDN    0.060    0.101   -0.041 (VIOLATED)
       PIN :   i_img2_jtag_tap_i_img2_jtag_tap_controller_data_out_reg_2_/CDN    0.060    0.101   -0.041 (VIOLATED)
       PIN :   i_img2_jtag_tap_i_img2_jtag_tap_controller_data_out_reg_1_/CDN    0.060    0.101   -0.041 (VIOLATED)
       PIN :   i_img2_jtag_tap_i_img2_jtag_tap_controller_ir_reg_i_reg_1_/CDN    0.060    0.101   -0.041 (VIOLATED)
       PIN :   i_img2_jtag_tap_i_img2_jtag_tap_controller_ir_reg_i_reg_2_/CDN    0.060    0.101   -0.041 (VIOLATED)
       PIN :   i_img2_jtag_attn_dbg_attn_flags_r1_reg_0_/CDN    0.060    0.101   -0.041 (VIOLATED)
       PIN :   i_img2_jtag_attn_dbg_attn_flags_r0_reg_0_/CDN    0.060    0.101   -0.041 (VIOLATED)
       PIN :   i_img2_jtag_attn_dbg_rstatn_r1_reg_0_/CDN    0.060    0.101   -0.041 (VIOLATED)
       PIN :   i_img2_jtag_attn_dbg_rstatn_r0_reg_0_/CDN    0.060    0.101   -0.041 (VIOLATED)
       PIN :   i_img2_jtag_tap_tdi_i_reg/CDN    0.060    0.101   -0.041 (VIOLATED)
       PIN :   U289/Z          0.060          0.101         -0.041  (VIOLATED)
   n385                        0.060          0.099         -0.039  (VIOLATED) norm.tt0p8v85c.typical_CCworst
       PIN :   i_img2_jtag_pnp_jpnp_shift_reg_reg_6_/CDN    0.060    0.099   -0.039 (VIOLATED)
       PIN :   i_img2_jtag_pnp_jpnp_shift_reg_reg_7_/CDN    0.060    0.099   -0.039 (VIOLATED)
       PIN :   i_img2_jtag_pnp_jpnp_shift_reg_reg_9_/CDN    0.060    0.099   -0.039 (VIOLATED)
       PIN :   i_img2_jtag_pnp_jpnp_shift_reg_reg_44_/CDN    0.060    0.099   -0.039 (VIOLATED)
       PIN :   i_img2_jtag_pnp_jpnp_shift_reg_reg_48_/CDN    0.060    0.099   -0.039 (VIOLATED)
       PIN :   i_img2_jtag_pnp_jpnp_shift_reg_reg_49_/CDN    0.060    0.099   -0.039 (VIOLATED)
       PIN :   i_img2_jtag_pnp_jpnp_shift_reg_reg_50_/CDN    0.060    0.099   -0.039 (VIOLATED)
       PIN :   i_img2_jtag_pnp_jpnp_shift_reg_reg_51_/CDN    0.060    0.099   -0.039 (VIOLATED)
       PIN :   i_img2_jtag_pnp_jpnp_shift_reg_reg_52_/CDN    0.060    0.099   -0.039 (VIOLATED)
       PIN :   i_img2_jtag_pnp_jpnp_shift_reg_reg_53_/CDN    0.060    0.099   -0.039 (VIOLATED)
       PIN :   i_img2_jtag_pnp_jpnp_shift_reg_reg_54_/CDN    0.060    0.099   -0.039 (VIOLATED)
       PIN :   i_img2_jtag_pnp_jpnp_shift_reg_reg_55_/CDN    0.060    0.099   -0.039 (VIOLATED)
       PIN :   i_img2_jtag_pnp_jpnp_shift_reg_reg_56_/CDN    0.060    0.099   -0.039 (VIOLATED)
       PIN :   i_img2_jtag_pnp_jpnp_shift_reg_reg_57_/CDN    0.060    0.099   -0.039 (VIOLATED)
       PIN :   i_img2_jtag_pnp_jpnp_shift_reg_reg_58_/CDN    0.060    0.099   -0.039 (VIOLATED)
       PIN :   i_img2_jtag_pnp_jpnp_shift_reg_reg_59_/CDN    0.060    0.099   -0.039 (VIOLATED)
       PIN :   i_img2_jtag_pnp_jpnp_shift_reg_reg_60_/CDN    0.060    0.099   -0.039 (VIOLATED)
       PIN :   i_img2_jtag_pnp_jpnp_shift_reg_reg_61_/CDN    0.060    0.099   -0.039 (VIOLATED)
       PIN :   i_img2_jtag_pnp_jpnp_shift_reg_reg_62_/CDN    0.060    0.099   -0.039 (VIOLATED)
       PIN :   i_img2_jtag_pnp_jpnp_shift_reg_reg_65_/CDN    0.060    0.099   -0.039 (VIOLATED)
       PIN :   U293/Z          0.060          0.099         -0.039  (VIOLATED)
   n380                        0.060          0.098         -0.038  (VIOLATED) norm.tt0p8v85c.typical_CCworst
       PIN :   i_img2_jtag_pnp_jpnp_shift_reg_reg_8_/CDN    0.060    0.098   -0.038 (VIOLATED)
       PIN :   i_img2_jtag_pnp_jpnp_shift_reg_reg_13_/CDN    0.060    0.098   -0.038 (VIOLATED)
       PIN :   i_img2_jtag_pnp_jpnp_shift_reg_reg_15_/CDN    0.060    0.098   -0.038 (VIOLATED)
       PIN :   i_img2_jtag_pnp_jpnp_shift_reg_reg_16_/CDN    0.060    0.098   -0.038 (VIOLATED)
       PIN :   i_img2_jtag_pnp_jpnp_shift_reg_reg_19_/CDN    0.060    0.098   -0.038 (VIOLATED)
       PIN :   i_img2_jtag_pnp_jpnp_shift_reg_reg_21_/CDN    0.060    0.098   -0.038 (VIOLATED)
       PIN :   i_img2_jtag_pnp_jpnp_shift_reg_reg_22_/CDN    0.060    0.098   -0.038 (VIOLATED)
       PIN :   i_img2_jtag_pnp_jpnp_shift_reg_reg_31_/CDN    0.060    0.098   -0.038 (VIOLATED)
       PIN :   i_img2_jtag_pnp_jpnp_shift_reg_reg_32_/CDN    0.060    0.098   -0.038 (VIOLATED)
       PIN :   i_img2_jtag_pnp_jpnp_shift_reg_reg_33_/CDN    0.060    0.098   -0.038 (VIOLATED)
       PIN :   i_img2_jtag_pnp_jpnp_shift_reg_reg_34_/CDN    0.060    0.098   -0.038 (VIOLATED)
       PIN :   i_img2_jtag_pnp_jpnp_shift_reg_reg_35_/CDN    0.060    0.098   -0.038 (VIOLATED)
       PIN :   i_img2_jtag_pnp_jpnp_shift_reg_reg_36_/CDN    0.060    0.098   -0.038 (VIOLATED)
       PIN :   i_img2_jtag_pnp_jpnp_shift_reg_reg_37_/CDN    0.060    0.098   -0.038 (VIOLATED)
       PIN :   i_img2_jtag_pnp_jpnp_shift_reg_reg_38_/CDN    0.060    0.098   -0.038 (VIOLATED)
       PIN :   i_img2_jtag_pnp_jpnp_shift_reg_reg_39_/CDN    0.060    0.098   -0.038 (VIOLATED)
       PIN :   i_img2_jtag_pnp_jpnp_shift_reg_reg_40_/CDN    0.060    0.098   -0.038 (VIOLATED)
       PIN :   i_img2_jtag_pnp_jpnp_shift_reg_reg_41_/CDN    0.060    0.098   -0.038 (VIOLATED)
       PIN :   i_img2_jtag_pnp_jpnp_shift_reg_reg_42_/CDN    0.060    0.098   -0.038 (VIOLATED)
       PIN :   i_img2_jtag_pnp_jpnp_shift_reg_reg_43_/CDN    0.060    0.098   -0.038 (VIOLATED)
       PIN :   U287/Z          0.060          0.098         -0.038  (VIOLATED)
   n381                        0.060          0.098         -0.038  (VIOLATED) norm.tt0p8v85c.typical_CCworst
       PIN :   i_img2_jtag_attn_cont_reg_reg_3_/CDN    0.060    0.098   -0.038 (VIOLATED)
       PIN :   i_img2_jtag_attn_cont_reg_reg_0_/CDN    0.060    0.098   -0.038 (VIOLATED)
       PIN :   i_img2_jtag_attn_cont_reg_reg_1_/CDN    0.060    0.098   -0.038 (VIOLATED)
       PIN :   i_img2_jtag_attn_cont_reg_reg_2_/CDN    0.060    0.098   -0.038 (VIOLATED)
       PIN :   i_img2_jtag_attn_cont_shift_reg_reg_0_/CDN    0.060    0.098   -0.038 (VIOLATED)
       PIN :   i_img2_jtag_attn_cont_shift_reg_reg_1_/CDN    0.060    0.098   -0.038 (VIOLATED)
       PIN :   i_img2_jtag_attn_cont_shift_reg_reg_2_/CDN    0.060    0.098   -0.038 (VIOLATED)
       PIN :   i_img2_jtag_attn_cont_shift_reg_reg_3_/CDN    0.060    0.098   -0.038 (VIOLATED)
       PIN :   i_img2_jtag_attn_attn_shift_reg_reg_0_/CDN    0.060    0.098   -0.038 (VIOLATED)
       PIN :   i_img2_jtag_attn_attn_shift_reg_reg_1_/CDN    0.060    0.098   -0.038 (VIOLATED)
       PIN :   i_img2_jtag_attn_stat_reg_reg_2_/CDN    0.060    0.098   -0.038 (VIOLATED)
       PIN :   i_img2_jtag_attn_stat_shift_reg_reg_0_/CDN    0.060    0.098   -0.038 (VIOLATED)
       PIN :   i_img2_jtag_attn_stat_shift_reg_reg_1_/CDN    0.060    0.098   -0.038 (VIOLATED)
       PIN :   i_img2_jtag_attn_stat_shift_reg_reg_2_/CDN    0.060    0.098   -0.038 (VIOLATED)
       PIN :   i_img2_jtag_attn_stat_reg_reg_3_/CDN    0.060    0.098   -0.038 (VIOLATED)
       PIN :   i_img2_jtag_attn_stat_shift_reg_reg_3_/CDN    0.060    0.098   -0.038 (VIOLATED)
       PIN :   i_img2_jtag_attn_stat_reg_reg_1_/SDN    0.060    0.098   -0.038 (VIOLATED)
       PIN :   i_img2_jtag_attn_stat_reg_reg_0_/SDN    0.060    0.098   -0.038 (VIOLATED)
       PIN :   i_img2_jtag_attn_dbg_ext_stat_r1_reg_0_/CDN    0.060    0.098   -0.038 (VIOLATED)
       PIN :   i_img2_jtag_attn_dbg_ext_stat_r0_reg_0_/CDN    0.060    0.098   -0.038 (VIOLATED)
       PIN :   U288/Z          0.060          0.098         -0.038  (VIOLATED)
   n383                        0.060          0.096         -0.036  (VIOLATED) norm.tt0p8v85c.typical_CCworst
       PIN :   i_img2_jtag_tap_idcode_reg_reg_4_/SDN    0.060    0.096   -0.036 (VIOLATED)
       PIN :   i_img2_jtag_tap_idcode_reg_reg_5_/CDN    0.060    0.096   -0.036 (VIOLATED)
       PIN :   i_img2_jtag_tap_idcode_reg_reg_6_/CDN    0.060    0.096   -0.036 (VIOLATED)
       PIN :   i_img2_jtag_tap_idcode_reg_reg_7_/CDN    0.060    0.096   -0.036 (VIOLATED)
       PIN :   i_img2_jtag_tap_idcode_reg_reg_8_/SDN    0.060    0.096   -0.036 (VIOLATED)
       PIN :   i_img2_jtag_tap_idcode_reg_reg_9_/CDN    0.060    0.096   -0.036 (VIOLATED)
       PIN :   i_img2_jtag_tap_idcode_reg_reg_10_/CDN    0.060    0.096   -0.036 (VIOLATED)
       PIN :   i_img2_jtag_tap_idcode_reg_reg_13_/CDN    0.060    0.096   -0.036 (VIOLATED)
       PIN :   i_img2_jtag_tap_idcode_reg_reg_16_/CDN    0.060    0.096   -0.036 (VIOLATED)
       PIN :   i_img2_jtag_tap_idcode_reg_reg_19_/CDN    0.060    0.096   -0.036 (VIOLATED)
       PIN :   i_img2_jtag_tap_idcode_reg_reg_21_/CDN    0.060    0.096   -0.036 (VIOLATED)
       PIN :   i_img2_jtag_tap_idcode_reg_reg_22_/CDN    0.060    0.096   -0.036 (VIOLATED)
       PIN :   i_img2_jtag_tap_idcode_reg_reg_23_/CDN    0.060    0.096   -0.036 (VIOLATED)
       PIN :   i_img2_jtag_tap_idcode_reg_reg_24_/CDN    0.060    0.096   -0.036 (VIOLATED)
       PIN :   i_img2_jtag_tap_idcode_reg_reg_25_/CDN    0.060    0.096   -0.036 (VIOLATED)
       PIN :   i_img2_jtag_tap_idcode_reg_reg_26_/CDN    0.060    0.096   -0.036 (VIOLATED)
       PIN :   i_img2_jtag_tap_idcode_reg_reg_27_/CDN    0.060    0.096   -0.036 (VIOLATED)
       PIN :   i_img2_jtag_tap_idcode_reg_reg_29_/CDN    0.060    0.096   -0.036 (VIOLATED)
       PIN :   i_img2_jtag_tap_idcode_reg_reg_30_/CDN    0.060    0.096   -0.036 (VIOLATED)
       PIN :   i_img2_jtag_tap_idcode_reg_reg_31_/CDN    0.060    0.096   -0.036 (VIOLATED)
       PIN :   U291/Z          0.060          0.096         -0.036  (VIOLATED)
   n384                        0.060          0.093         -0.033  (VIOLATED) norm.tt0p8v85c.typical_CCworst
       PIN :   i_img2_jtag_pnp_jpnp_shift_reg_reg_0_/CDN    0.060    0.093   -0.033 (VIOLATED)
       PIN :   i_img2_jtag_pnp_jpnp_shift_reg_reg_1_/CDN    0.060    0.093   -0.033 (VIOLATED)
       PIN :   i_img2_jtag_pnp_jpnp_shift_reg_reg_2_/CDN    0.060    0.093   -0.033 (VIOLATED)
       PIN :   i_img2_jtag_pnp_jpnp_shift_reg_reg_3_/CDN    0.060    0.093   -0.033 (VIOLATED)
       PIN :   i_img2_jtag_pnp_jpnp_shift_reg_reg_4_/CDN    0.060    0.093   -0.033 (VIOLATED)
       PIN :   i_img2_jtag_pnp_jpnp_shift_reg_reg_5_/CDN    0.060    0.093   -0.033 (VIOLATED)
       PIN :   i_img2_jtag_pnp_jpnp_shift_reg_reg_10_/CDN    0.060    0.093   -0.033 (VIOLATED)
       PIN :   i_img2_jtag_pnp_jpnp_shift_reg_reg_11_/CDN    0.060    0.093   -0.033 (VIOLATED)
       PIN :   i_img2_jtag_pnp_jpnp_shift_reg_reg_12_/CDN    0.060    0.093   -0.033 (VIOLATED)
       PIN :   i_img2_jtag_pnp_jpnp_shift_reg_reg_14_/CDN    0.060    0.093   -0.033 (VIOLATED)
       PIN :   i_img2_jtag_pnp_jpnp_shift_reg_reg_63_/CDN    0.060    0.093   -0.033 (VIOLATED)
       PIN :   i_img2_jtag_pnp_jpnp_shift_reg_reg_64_/CDN    0.060    0.093   -0.033 (VIOLATED)
       PIN :   i_img2_jtag_pnp_jpnp_shift_reg_reg_66_/CDN    0.060    0.093   -0.033 (VIOLATED)
       PIN :   i_img2_jtag_pnp_jpnp_shift_reg_reg_67_/CDN    0.060    0.093   -0.033 (VIOLATED)
       PIN :   i_img2_jtag_tap_idcode_reg_reg_0_/SDN    0.060    0.093   -0.033 (VIOLATED)
       PIN :   i_img2_jtag_tap_idcode_reg_reg_1_/CDN    0.060    0.093   -0.033 (VIOLATED)
       PIN :   i_img2_jtag_tap_idcode_reg_reg_2_/SDN    0.060    0.093   -0.033 (VIOLATED)
       PIN :   i_img2_jtag_tap_idcode_reg_reg_3_/SDN    0.060    0.093   -0.033 (VIOLATED)
       PIN :   i_img2_jtag_tap_idcode_reg_reg_15_/SDN    0.060    0.093   -0.033 (VIOLATED)
       PIN :   i_img2_jtag_tap_idcode_reg_reg_28_/SDN    0.060    0.093   -0.033 (VIOLATED)
       PIN :   U292/Z          0.060          0.093         -0.033  (VIOLATED)
   n392                        0.060          0.061         -0.001  (VIOLATED) norm.tt0p8v85c.typical_CCworst
       PIN :   U442/A2         0.060          0.061         -0.001  (VIOLATED)
       PIN :   U441/B1         0.060          0.061         -0.001  (VIOLATED)
       PIN :   U440/A2         0.060          0.061         -0.001  (VIOLATED)
       PIN :   U439/A2         0.060          0.061         -0.001  (VIOLATED)
       PIN :   U438/A2         0.060          0.061         -0.001  (VIOLATED)
       PIN :   U435/B1         0.060          0.061         -0.001  (VIOLATED)
       PIN :   U434/A2         0.060          0.061         -0.001  (VIOLATED)
       PIN :   U428/B1         0.060          0.061         -0.001  (VIOLATED)
       PIN :   U427/A2         0.060          0.061         -0.001  (VIOLATED)
       PIN :   U419/B1         0.060          0.061         -0.001  (VIOLATED)
       PIN :   U418/B1         0.060          0.061         -0.001  (VIOLATED)
       PIN :   U417/B1         0.060          0.061         -0.001  (VIOLATED)
       PIN :   U416/B1         0.060          0.061         -0.001  (VIOLATED)
       PIN :   U415/B1         0.060          0.061         -0.001  (VIOLATED)
       PIN :   U414/A2         0.060          0.061         -0.001  (VIOLATED)
       PIN :   U413/B1         0.060          0.061         -0.001  (VIOLATED)
       PIN :   U412/B1         0.060          0.061         -0.001  (VIOLATED)
       PIN :   U411/A1         0.060          0.061         -0.001  (VIOLATED)
       PIN :   U336/B1         0.060          0.061         -0.001  (VIOLATED)
       PIN :   i_img2_jtag_pnp_jpnp_shift_reg_reg_67_/D    0.060    0.061   -0.001 (VIOLATED)
       PIN :   U300/ZN         0.060          0.061         -0.001  (VIOLATED)
   n390                        0.060          0.061         -0.001  (VIOLATED) norm.tt0p8v85c.typical_CCworst
       PIN :   U403/A2         0.060          0.061         -0.001  (VIOLATED)
       PIN :   U402/A2         0.060          0.061         -0.001  (VIOLATED)
       PIN :   U401/A2         0.060          0.061         -0.001  (VIOLATED)
       PIN :   U398/A2         0.060          0.061         -0.001  (VIOLATED)
       PIN :   U374/A2         0.060          0.061         -0.001  (VIOLATED)
       PIN :   U366/B1         0.060          0.061         -0.001  (VIOLATED)
       PIN :   U365/B1         0.060          0.061         -0.001  (VIOLATED)
       PIN :   U364/B1         0.060          0.061         -0.001  (VIOLATED)
       PIN :   U363/A2         0.060          0.061         -0.001  (VIOLATED)
       PIN :   U362/A2         0.060          0.061         -0.001  (VIOLATED)
       PIN :   U361/B1         0.060          0.061         -0.001  (VIOLATED)
       PIN :   U360/B1         0.060          0.061         -0.001  (VIOLATED)
       PIN :   U359/A2         0.060          0.061         -0.001  (VIOLATED)
       PIN :   U358/A2         0.060          0.061         -0.001  (VIOLATED)
       PIN :   U356/B1         0.060          0.061         -0.001  (VIOLATED)
       PIN :   U355/B1         0.060          0.061         -0.001  (VIOLATED)
       PIN :   U354/B1         0.060          0.061         -0.001  (VIOLATED)
       PIN :   U353/B1         0.060          0.061         -0.001  (VIOLATED)
       PIN :   U352/A2         0.060          0.061         -0.001  (VIOLATED)
       PIN :   U351/B1         0.060          0.061         -0.001  (VIOLATED)
       PIN :   U298/ZN         0.060          0.061         -0.001  (VIOLATED)
   n230                        0.060          0.060          0.000  (VIOLATED: increase significant digits) norm.tt0p8v85c.typical_CCworst

   -----------------------------------------------------------------
   Total                      24                -4.599    norm.tt0p8v85c.typical_CCworst
   dbg_avail_force[0]          0.040          0.280         -0.240  (VIOLATED) norm.ffgnp0p88vm40c.rcbest_CCbest
       PIN :   U521/A2         0.100          0.280         -0.180  (VIOLATED)
       PORT :  dbg_avail_force[0]    0.040    0.280         -0.240  (VIOLATED)
       PIN :   U536/Z          0.100          0.280         -0.180  (VIOLATED)
   dbg_resetn_force[0]         0.040          0.279         -0.239  (VIOLATED) norm.ffgnp0p88vm40c.rcbest_CCbest
       PIN :   U523/A2         0.100          0.279         -0.179  (VIOLATED)
       PORT :  dbg_resetn_force[0]    0.040    0.279        -0.239  (VIOLATED)
       PIN :   U551/Z          0.100          0.279         -0.179  (VIOLATED)
   dbg_dat_ud[0]               0.040          0.277         -0.237  (VIOLATED) norm.ffgnp0p88vm40c.rcbest_CCbest
       PORT :  dbg_dat_ud[0]    0.040         0.277         -0.237  (VIOLATED)
       PIN :   U541/Z          0.100          0.277         -0.177  (VIOLATED)
   dbg_datf_cp[0]              0.040          0.276         -0.236  (VIOLATED) norm.ffgnp0p88vm40c.rcbest_CCbest
       PORT :  dbg_datf_cp[0]    0.040        0.276         -0.236  (VIOLATED)
       PIN :   U538/Z          0.100          0.276         -0.176  (VIOLATED)
   dbg_resetn_flevel[0]        0.040          0.276         -0.236  (VIOLATED) norm.ffgnp0p88vm40c.rcbest_CCbest
       PORT :  dbg_resetn_flevel[0]    0.040    0.276       -0.236  (VIOLATED)
       PIN :   U534/Z          0.100          0.276         -0.176  (VIOLATED)
   dbg_dat_sh[0]               0.040          0.275         -0.235  (VIOLATED) norm.ffgnp0p88vm40c.rcbest_CCbest
       PORT :  dbg_dat_sh[0]    0.040         0.275         -0.235  (VIOLATED)
       PIN :   U542/Z          0.100          0.275         -0.175  (VIOLATED)
   dbg_datf_sh[0]              0.040          0.275         -0.235  (VIOLATED) norm.ffgnp0p88vm40c.rcbest_CCbest
       PORT :  dbg_datf_sh[0]    0.040        0.275         -0.235  (VIOLATED)
       PIN :   U543/Z          0.100          0.275         -0.175  (VIOLATED)
   dbg_datm_ud[0]              0.040          0.275         -0.235  (VIOLATED) norm.ffgnp0p88vm40c.rcbest_CCbest
       PORT :  dbg_datm_ud[0]    0.040        0.275         -0.235  (VIOLATED)
       PIN :   U540/Z          0.100          0.275         -0.175  (VIOLATED)
   dbg_datf_ud[0]              0.040          0.275         -0.235  (VIOLATED) norm.ffgnp0p88vm40c.rcbest_CCbest
       PORT :  dbg_datf_ud[0]    0.040        0.275         -0.235  (VIOLATED)
       PIN :   U539/Z          0.100          0.275         -0.175  (VIOLATED)
   dbg_datm_cp[0]              0.040          0.275         -0.235  (VIOLATED) norm.ffgnp0p88vm40c.rcbest_CCbest
       PORT :  dbg_datm_cp[0]    0.040        0.275         -0.235  (VIOLATED)
       PIN :   U544/Z          0.100          0.275         -0.175  (VIOLATED)
   dbg_datm_sh[0]              0.040          0.274         -0.234  (VIOLATED) norm.ffgnp0p88vm40c.rcbest_CCbest
       PORT :  dbg_datm_sh[0]    0.040        0.274         -0.234  (VIOLATED)
       PIN :   U545/Z          0.100          0.274         -0.174  (VIOLATED)
   dbg_dat_cp[0]               0.040          0.199         -0.159  (VIOLATED) norm.ffgnp0p88vm40c.rcbest_CCbest
       PORT :  dbg_dat_cp[0]    0.040         0.199         -0.159  (VIOLATED)
       PIN :   U537/Z          0.100          0.199         -0.099  (VIOLATED)
   dbg_dat_si[0]               0.040          0.060         -0.020  (VIOLATED) norm.ffgnp0p88vm40c.rcbest_CCbest
       PORT :  dbg_dat_si[0]    0.040         0.060         -0.020  (VIOLATED)
   dbg_datf_si[0]              0.040          0.060         -0.020  (VIOLATED) norm.ffgnp0p88vm40c.rcbest_CCbest
       PORT :  dbg_datf_si[0]    0.040        0.060         -0.020  (VIOLATED)
   dbg_datm_si[0]              0.040          0.060         -0.020  (VIOLATED) norm.ffgnp0p88vm40c.rcbest_CCbest
       PORT :  dbg_datm_si[0]    0.040        0.060         -0.020  (VIOLATED)

   -----------------------------------------------------------------
   Total                      15                -2.815    norm.ffgnp0p88vm40c.rcbest_CCbest
   dbg_avail_force[0]          0.060          0.546         -0.486  (VIOLATED) norm.ssgnp0p72v125c.rcworst_CCworst
       PIN :   U521/A2         0.200          0.546         -0.346  (VIOLATED)
       PORT :  dbg_avail_force[0]    0.060    0.546         -0.486  (VIOLATED)
       PIN :   U536/Z          0.200          0.546         -0.346  (VIOLATED)
   dbg_resetn_force[0]         0.060          0.545         -0.485  (VIOLATED) norm.ssgnp0p72v125c.rcworst_CCworst
       PIN :   U523/A2         0.200          0.545         -0.345  (VIOLATED)
       PORT :  dbg_resetn_force[0]    0.060    0.545        -0.485  (VIOLATED)
       PIN :   U551/Z          0.200          0.545         -0.345  (VIOLATED)
   dbg_dat_ud[0]               0.060          0.541         -0.481  (VIOLATED) norm.ssgnp0p72v125c.rcworst_CCworst
       PORT :  dbg_dat_ud[0]    0.060         0.541         -0.481  (VIOLATED)
       PIN :   U541/Z          0.200          0.541         -0.341  (VIOLATED)
   dbg_datf_cp[0]              0.060          0.539         -0.479  (VIOLATED) norm.ssgnp0p72v125c.rcworst_CCworst
       PORT :  dbg_datf_cp[0]    0.060        0.539         -0.479  (VIOLATED)
       PIN :   U538/Z          0.200          0.539         -0.339  (VIOLATED)
   dbg_resetn_flevel[0]        0.060          0.539         -0.479  (VIOLATED) norm.ssgnp0p72v125c.rcworst_CCworst
       PORT :  dbg_resetn_flevel[0]    0.060    0.539       -0.479  (VIOLATED)
       PIN :   U534/Z          0.200          0.539         -0.339  (VIOLATED)
   dbg_dat_sh[0]               0.060          0.538         -0.478  (VIOLATED) norm.ssgnp0p72v125c.rcworst_CCworst
       PORT :  dbg_dat_sh[0]    0.060         0.538         -0.478  (VIOLATED)
       PIN :   U542/Z          0.200          0.538         -0.338  (VIOLATED)
   dbg_datm_ud[0]              0.060          0.538         -0.478  (VIOLATED) norm.ssgnp0p72v125c.rcworst_CCworst
       PORT :  dbg_datm_ud[0]    0.060        0.538         -0.478  (VIOLATED)
       PIN :   U540/Z          0.200          0.538         -0.338  (VIOLATED)
   dbg_datf_ud[0]              0.060          0.538         -0.478  (VIOLATED) norm.ssgnp0p72v125c.rcworst_CCworst
       PORT :  dbg_datf_ud[0]    0.060        0.538         -0.478  (VIOLATED)
       PIN :   U539/Z          0.200          0.538         -0.338  (VIOLATED)
   dbg_datf_sh[0]              0.060          0.538         -0.478  (VIOLATED) norm.ssgnp0p72v125c.rcworst_CCworst
       PORT :  dbg_datf_sh[0]    0.060        0.538         -0.478  (VIOLATED)
       PIN :   U543/Z          0.200          0.538         -0.338  (VIOLATED)
   dbg_datm_cp[0]              0.060          0.537         -0.477  (VIOLATED) norm.ssgnp0p72v125c.rcworst_CCworst
       PORT :  dbg_datm_cp[0]    0.060        0.537         -0.477  (VIOLATED)
       PIN :   U544/Z          0.200          0.537         -0.337  (VIOLATED)
   dbg_datm_sh[0]              0.060          0.537         -0.477  (VIOLATED) norm.ssgnp0p72v125c.rcworst_CCworst
       PORT :  dbg_datm_sh[0]    0.060        0.537         -0.477  (VIOLATED)
       PIN :   U545/Z          0.200          0.537         -0.337  (VIOLATED)
   dbg_dat_cp[0]               0.060          0.328         -0.268  (VIOLATED) norm.ssgnp0p72v125c.rcworst_CCworst
       PORT :  dbg_dat_cp[0]    0.060         0.328         -0.268  (VIOLATED)
       PIN :   U537/Z          0.200          0.328         -0.128  (VIOLATED)
   dbg_dat_si[0]               0.060          0.109         -0.049  (VIOLATED) norm.ssgnp0p72v125c.rcworst_CCworst
       PORT :  dbg_dat_si[0]    0.060         0.109         -0.049  (VIOLATED)
   dbg_datf_si[0]              0.060          0.109         -0.049  (VIOLATED) norm.ssgnp0p72v125c.rcworst_CCworst
       PORT :  dbg_datf_si[0]    0.060        0.109         -0.049  (VIOLATED)
   dbg_datm_si[0]              0.060          0.109         -0.049  (VIOLATED) norm.ssgnp0p72v125c.rcworst_CCworst
       PORT :  dbg_datm_si[0]    0.060        0.109         -0.049  (VIOLATED)

   -----------------------------------------------------------------
   Total                      15                -5.690    norm.ssgnp0p72v125c.rcworst_CCworst

   max_capacitance

                             Required        Actual
   Net                      Capacitance    Capacitance       Slack             Scenario
   -----------------------------------------------------------------
   dbg_avail_force[0]          0.068          0.102         -0.034  (VIOLATED) norm.tt0p8v85c.typical_CCworst
   dbg_resetn_force[0]         0.068          0.102         -0.034  (VIOLATED) norm.tt0p8v85c.typical_CCworst
   dbg_dat_ud[0]               0.068          0.101         -0.033  (VIOLATED) norm.tt0p8v85c.typical_CCworst
   dbg_datf_cp[0]              0.068          0.101         -0.033  (VIOLATED) norm.tt0p8v85c.typical_CCworst
   dbg_resetn_flevel[0]        0.068          0.101         -0.033  (VIOLATED) norm.tt0p8v85c.typical_CCworst
   dbg_dat_sh[0]               0.068          0.101         -0.033  (VIOLATED) norm.tt0p8v85c.typical_CCworst
   dbg_datm_ud[0]              0.068          0.101         -0.033  (VIOLATED) norm.tt0p8v85c.typical_CCworst
   dbg_datf_ud[0]              0.068          0.101         -0.033  (VIOLATED) norm.tt0p8v85c.typical_CCworst
   dbg_datf_sh[0]              0.068          0.101         -0.032  (VIOLATED) norm.tt0p8v85c.typical_CCworst
   dbg_datm_cp[0]              0.068          0.101         -0.032  (VIOLATED) norm.tt0p8v85c.typical_CCworst
   dbg_datm_sh[0]              0.068          0.100         -0.032  (VIOLATED) norm.tt0p8v85c.typical_CCworst

   -----------------------------------------------------------------
   Total                      11                -0.361    norm.tt0p8v85c.typical_CCworst
   dbg_avail_force[0]          0.068          0.102         -0.034  (VIOLATED) norm.ffgnp0p88vm40c.rcbest_CCbest
   dbg_resetn_force[0]         0.068          0.102         -0.034  (VIOLATED) norm.ffgnp0p88vm40c.rcbest_CCbest
   dbg_dat_ud[0]               0.068          0.101         -0.033  (VIOLATED) norm.ffgnp0p88vm40c.rcbest_CCbest
   dbg_datf_cp[0]              0.068          0.101         -0.033  (VIOLATED) norm.ffgnp0p88vm40c.rcbest_CCbest
   dbg_resetn_flevel[0]        0.068          0.101         -0.033  (VIOLATED) norm.ffgnp0p88vm40c.rcbest_CCbest
   dbg_dat_sh[0]               0.068          0.101         -0.033  (VIOLATED) norm.ffgnp0p88vm40c.rcbest_CCbest
   dbg_datm_ud[0]              0.068          0.101         -0.033  (VIOLATED) norm.ffgnp0p88vm40c.rcbest_CCbest
   dbg_datf_ud[0]              0.068          0.101         -0.033  (VIOLATED) norm.ffgnp0p88vm40c.rcbest_CCbest
   dbg_datf_sh[0]              0.068          0.101         -0.033  (VIOLATED) norm.ffgnp0p88vm40c.rcbest_CCbest
   dbg_datm_cp[0]              0.068          0.101         -0.032  (VIOLATED) norm.ffgnp0p88vm40c.rcbest_CCbest
   dbg_datm_sh[0]              0.068          0.100         -0.032  (VIOLATED) norm.ffgnp0p88vm40c.rcbest_CCbest

   -----------------------------------------------------------------
   Total                      11                -0.362    norm.ffgnp0p88vm40c.rcbest_CCbest
   dbg_avail_force[0]          0.068          0.102         -0.034  (VIOLATED) norm.ssgnp0p72v125c.rcworst_CCworst
   dbg_resetn_force[0]         0.068          0.102         -0.034  (VIOLATED) norm.ssgnp0p72v125c.rcworst_CCworst
   dbg_dat_ud[0]               0.068          0.101         -0.033  (VIOLATED) norm.ssgnp0p72v125c.rcworst_CCworst
   dbg_datf_cp[0]              0.068          0.101         -0.033  (VIOLATED) norm.ssgnp0p72v125c.rcworst_CCworst
   dbg_resetn_flevel[0]        0.068          0.101         -0.033  (VIOLATED) norm.ssgnp0p72v125c.rcworst_CCworst
   dbg_dat_sh[0]               0.068          0.101         -0.033  (VIOLATED) norm.ssgnp0p72v125c.rcworst_CCworst
   dbg_datm_ud[0]              0.068          0.101         -0.033  (VIOLATED) norm.ssgnp0p72v125c.rcworst_CCworst
   dbg_datf_ud[0]              0.068          0.101         -0.032  (VIOLATED) norm.ssgnp0p72v125c.rcworst_CCworst
   dbg_datf_sh[0]              0.068          0.101         -0.032  (VIOLATED) norm.ssgnp0p72v125c.rcworst_CCworst
   dbg_datm_cp[0]              0.068          0.101         -0.032  (VIOLATED) norm.ssgnp0p72v125c.rcworst_CCworst
   dbg_datm_sh[0]              0.068          0.100         -0.032  (VIOLATED) norm.ssgnp0p72v125c.rcworst_CCworst

   -----------------------------------------------------------------
   Total                      11                -0.361    norm.ssgnp0p72v125c.rcworst_CCworst

1
