Information: Propagating switching activity (low effort zero delay simulation). (PWR-6)
Warning: Design has unannotated primary inputs. (PWR-414)
Warning: Design has unannotated sequential cell outputs. (PWR-415)
 
****************************************
Report : power
        -analysis_effort low
Design : img2_jtag_tap_wrap
Scenario(s): norm.tt0p8v85c.typical_CCworst
Version: P-2019.03-SP4
Date   : Tue Nov 19 19:56:40 2024
****************************************


Library(s) Used:

    tcbn16ffplusglbwp16p90cpdulvttt0p8v85c (File: /auto/da/project/16/selenga/lib/sc/syn/tt0p8v85c/tcbn16ffplusglbwp16p90cpdulvttt0p8v85c.db)
    tcbn16ffplusglbwp16p90cpdtt0p8v85c (File: /auto/da/project/16/selenga/lib/sc/syn/tt0p8v85c/tcbn16ffplusglbwp16p90cpdtt0p8v85c.db)
    tcbn16ffplusglbwp16p90cpdlvttt0p8v85c (File: /auto/da/project/16/selenga/lib/sc/syn/tt0p8v85c/tcbn16ffplusglbwp16p90cpdlvttt0p8v85c.db)


Global Operating Voltage = 0.8  
Power-specific unit information :
    Voltage Units = 1V
    Capacitance Units = 1.000000pf
    Time Units = 1ns
    Dynamic Power Units = 1mW    (derived from V,C,T units)
    Leakage Power Units = 1nW

Information: Correlated power is not available. (PWR-761)
Power Breakdown
---------------

                             Cell        Driven Net  Tot Dynamic      Cell
                             Internal    Switching   Power (mW)       Leakage
Cell                         Power (mW)  Power (mW)  (% Cell/Tot)     Power (nW)
--------------------------------------------------------------------------------
Netlist Power                   0.1091      0.0274   1.365e-01 (80%)  6.451e+03
Estimated Clock Tree Power   N/A         N/A          (N/A)           N/A
--------------------------------------------------------------------------------

                 Internal         Switching           Leakage            Total
Power Group      Power            Power               Power              Power   (   %    )  Attrs
--------------------------------------------------------------------------------------------------
io_pad             0.0000            0.0000            0.0000            0.0000  (   0.00%)
memory             0.0000            0.0000            0.0000            0.0000  (   0.00%)
black_box          0.0000            0.0000            0.0000            0.0000  (   0.00%)
clock_network  1.0069e-02        8.6887e-03        1.5896e+03        2.0348e-02  (  14.23%)
register       9.5631e-02        8.3163e-04        1.6501e+03        9.8112e-02  (  68.62%)
sequential         0.0000            0.0000            0.0000            0.0000  (   0.00%)
combinational  3.3760e-03        1.7924e-02        3.2114e+03        2.4512e-02  (  17.14%)
--------------------------------------------------------------------------------------------------
Total              0.1091 mW     2.7445e-02 mW     6.4511e+03 nW         0.1430 mW
Information: Propagating switching activity (low effort zero delay simulation). (PWR-6)
Warning: Design has unannotated primary inputs. (PWR-414)
Warning: Design has unannotated sequential cell outputs. (PWR-415)
 
****************************************
Report : power
        -analysis_effort low
Design : img2_jtag_tap_wrap
Scenario(s): norm.ffgnp0p88vm40c.rcbest_CCbest
Version: P-2019.03-SP4
Date   : Tue Nov 19 19:56:40 2024
****************************************


Library(s) Used:

    tcbn16ffplusglbwp16p90cpdulvtffgnp0p88vm40c (File: /auto/da/project/16/selenga/lib/sc/syn/ffgnp0p88vm40c/tcbn16ffplusglbwp16p90cpdulvtffgnp0p88vm40c.db)
    tcbn16ffplusglbwp16p90cpdffgnp0p88vm40c (File: /auto/da/project/16/selenga/lib/sc/syn/ffgnp0p88vm40c/tcbn16ffplusglbwp16p90cpdffgnp0p88vm40c.db)
    tcbn16ffplusglbwp16p90cpdlvtffgnp0p88vm40c (File: /auto/da/project/16/selenga/lib/sc/syn/ffgnp0p88vm40c/tcbn16ffplusglbwp16p90cpdlvtffgnp0p88vm40c.db)


Global Operating Voltage = 0.88 
Power-specific unit information :
    Voltage Units = 1V
    Capacitance Units = 1.000000pf
    Time Units = 1ns
    Dynamic Power Units = 1mW    (derived from V,C,T units)
    Leakage Power Units = 1nW

Information: Correlated power is not available. (PWR-761)
Power Breakdown
---------------

                             Cell        Driven Net  Tot Dynamic      Cell
                             Internal    Switching   Power (mW)       Leakage
Cell                         Power (mW)  Power (mW)  (% Cell/Tot)     Power (nW)
--------------------------------------------------------------------------------
Netlist Power                   0.1305      0.0330      0.1635 (80%)   356.6256
Estimated Clock Tree Power   N/A         N/A          (N/A)           N/A
--------------------------------------------------------------------------------

                 Internal         Switching           Leakage            Total
Power Group      Power            Power               Power              Power   (   %    )  Attrs
--------------------------------------------------------------------------------------------------
io_pad             0.0000            0.0000            0.0000            0.0000  (   0.00%)
memory             0.0000            0.0000            0.0000            0.0000  (   0.00%)
black_box          0.0000            0.0000            0.0000            0.0000  (   0.00%)
clock_network  1.3225e-02        1.0407e-02           85.7363        2.3717e-02  (  14.47%)
register           0.1133        1.0004e-03           72.7185            0.1143  (  69.78%)
sequential         0.0000            0.0000            0.0000            0.0000  (   0.00%)
combinational  4.0037e-03        2.1603e-02          198.1605        2.5804e-02  (  15.75%)
--------------------------------------------------------------------------------------------------
Total              0.1305 mW     3.3010e-02 mW       356.6152 nW         0.1639 mW
Information: Propagating switching activity (low effort zero delay simulation). (PWR-6)
Warning: Design has unannotated primary inputs. (PWR-414)
Warning: Design has unannotated sequential cell outputs. (PWR-415)
 
****************************************
Report : power
        -analysis_effort low
Design : img2_jtag_tap_wrap
Scenario(s): norm.ssgnp0p72v125c.rcworst_CCworst
Version: P-2019.03-SP4
Date   : Tue Nov 19 19:56:40 2024
****************************************


Library(s) Used:

    tcbn16ffplusglbwp16p90cpdulvtssgnp0p72v125c (File: /auto/da/project/16/selenga/lib/sc/syn/ssgnp0p72v125c/tcbn16ffplusglbwp16p90cpdulvtssgnp0p72v125c.db)
    tcbn16ffplusglbwp16p90cpdssgnp0p72v125c (File: /auto/da/project/16/selenga/lib/sc/syn/ssgnp0p72v125c/tcbn16ffplusglbwp16p90cpdssgnp0p72v125c.db)
    tcbn16ffplusglbwp16p90cpdlvtssgnp0p72v125c (File: /auto/da/project/16/selenga/lib/sc/syn/ssgnp0p72v125c/tcbn16ffplusglbwp16p90cpdlvtssgnp0p72v125c.db)


Global Operating Voltage = 0.72 
Power-specific unit information :
    Voltage Units = 1V
    Capacitance Units = 1.000000pf
    Time Units = 1ns
    Dynamic Power Units = 1mW    (derived from V,C,T units)
    Leakage Power Units = 1nW

Information: Correlated power is not available. (PWR-761)
Power Breakdown
---------------

                             Cell        Driven Net  Tot Dynamic      Cell
                             Internal    Switching   Power (mW)       Leakage
Cell                         Power (mW)  Power (mW)  (% Cell/Tot)     Power (nW)
--------------------------------------------------------------------------------
Netlist Power                   0.0922      0.0223   1.144e-01 (81%)  6.600e+03
Estimated Clock Tree Power   N/A         N/A          (N/A)           N/A
--------------------------------------------------------------------------------

                 Internal         Switching           Leakage            Total
Power Group      Power            Power               Power              Power   (   %    )  Attrs
--------------------------------------------------------------------------------------------------
io_pad             0.0000            0.0000            0.0000            0.0000  (   0.00%)
memory             0.0000            0.0000            0.0000            0.0000  (   0.00%)
black_box          0.0000            0.0000            0.0000            0.0000  (   0.00%)
clock_network  8.2931e-03        7.0967e-03        1.5507e+03        1.6940e-02  (  14.00%)
register       8.0952e-02        6.7137e-04        1.7499e+03        8.3373e-02  (  68.89%)
sequential         0.0000            0.0000            0.0000            0.0000  (   0.00%)
combinational  2.9094e-03        1.4497e-02        3.2997e+03        2.0706e-02  (  17.11%)
--------------------------------------------------------------------------------------------------
Total          9.2154e-02 mW     2.2265e-02 mW     6.6002e+03 nW         0.1210 mW
1
