Information: Propagating switching activity (low effort zero delay simulation). (PWR-6)
Warning: Design has unannotated primary inputs. (PWR-414)
Warning: Design has unannotated sequential cell outputs. (PWR-415)
 
****************************************
Report : power
        -analysis_effort low
Design : img2_jtag_tap_wrap
Scenario(s): norm.tt0p8v85c.typical_CCworst
Version: P-2019.03-SP4
Date   : Wed Oct 30 14:46:32 2024
****************************************


Library(s) Used:

    tcbn16ffplusglbwp16p90cpdtt0p8v85c (File: /auto/da/project/16/selenga/lib/sc/syn/tt0p8v85c/tcbn16ffplusglbwp16p90cpdtt0p8v85c.db)
    tcbn16ffplusglbwp16p90cpdlvttt0p8v85c (File: /auto/da/project/16/selenga/lib/sc/syn/tt0p8v85c/tcbn16ffplusglbwp16p90cpdlvttt0p8v85c.db)
    tcbn16ffplusglbwp16p90cpdulvttt0p8v85c (File: /auto/da/project/16/selenga/lib/sc/syn/tt0p8v85c/tcbn16ffplusglbwp16p90cpdulvttt0p8v85c.db)


Global Operating Voltage = 0.8  
Power-specific unit information :
    Voltage Units = 1V
    Capacitance Units = 1.000000pf
    Time Units = 1ns
    Dynamic Power Units = 1mW    (derived from V,C,T units)
    Leakage Power Units = 1nW

Information: Correlated power is not available. (PWR-761)
Power Breakdown
---------------

                             Cell        Driven Net  Tot Dynamic      Cell
                             Internal    Switching   Power (mW)       Leakage
Cell                         Power (mW)  Power (mW)  (% Cell/Tot)     Power (nW)
--------------------------------------------------------------------------------
Netlist Power                   0.0868      0.0227   1.095e-01 (79%)  3.643e+03
Estimated Clock Tree Power   N/A         N/A          (N/A)           N/A
--------------------------------------------------------------------------------

                 Internal         Switching           Leakage            Total
Power Group      Power            Power               Power              Power   (   %    )  Attrs
--------------------------------------------------------------------------------------------------
io_pad             0.0000            0.0000            0.0000            0.0000  (   0.00%)
memory             0.0000            0.0000            0.0000            0.0000  (   0.00%)
black_box          0.0000            0.0000            0.0000            0.0000  (   0.00%)
clock_network  8.2891e-03        7.1611e-03        1.5896e+03        1.7040e-02  (  15.06%)
register       7.6718e-02        6.9881e-04          355.4877        7.7773e-02  (  68.73%)
sequential         0.0000            0.0000            0.0000            0.0000  (   0.00%)
combinational  1.8258e-03        1.4817e-02        1.6978e+03        1.8340e-02  (  16.21%)
--------------------------------------------------------------------------------------------------
Total          8.6833e-02 mW     2.2677e-02 mW     3.6429e+03 nW         0.1132 mW
Information: Propagating switching activity (low effort zero delay simulation). (PWR-6)
Warning: Design has unannotated primary inputs. (PWR-414)
Warning: Design has unannotated sequential cell outputs. (PWR-415)
 
****************************************
Report : power
        -analysis_effort low
Design : img2_jtag_tap_wrap
Scenario(s): norm.ffgnp0p88vm40c.rcbest_CCbest
Version: P-2019.03-SP4
Date   : Wed Oct 30 14:46:32 2024
****************************************


Library(s) Used:

    tcbn16ffplusglbwp16p90cpdffgnp0p88vm40c (File: /auto/da/project/16/selenga/lib/sc/syn/ffgnp0p88vm40c/tcbn16ffplusglbwp16p90cpdffgnp0p88vm40c.db)
    tcbn16ffplusglbwp16p90cpdlvtffgnp0p88vm40c (File: /auto/da/project/16/selenga/lib/sc/syn/ffgnp0p88vm40c/tcbn16ffplusglbwp16p90cpdlvtffgnp0p88vm40c.db)
    tcbn16ffplusglbwp16p90cpdulvtffgnp0p88vm40c (File: /auto/da/project/16/selenga/lib/sc/syn/ffgnp0p88vm40c/tcbn16ffplusglbwp16p90cpdulvtffgnp0p88vm40c.db)


Global Operating Voltage = 0.88 
Power-specific unit information :
    Voltage Units = 1V
    Capacitance Units = 1.000000pf
    Time Units = 1ns
    Dynamic Power Units = 1mW    (derived from V,C,T units)
    Leakage Power Units = 1nW

Information: Correlated power is not available. (PWR-761)
Power Breakdown
---------------

                             Cell        Driven Net  Tot Dynamic      Cell
                             Internal    Switching   Power (mW)       Leakage
Cell                         Power (mW)  Power (mW)  (% Cell/Tot)     Power (nW)
--------------------------------------------------------------------------------
Netlist Power                   0.1026      0.0273      0.1299 (79%)   195.3442
Estimated Clock Tree Power   N/A         N/A          (N/A)           N/A
--------------------------------------------------------------------------------

                 Internal         Switching           Leakage            Total
Power Group      Power            Power               Power              Power   (   %    )  Attrs
--------------------------------------------------------------------------------------------------
io_pad             0.0000            0.0000            0.0000            0.0000  (   0.00%)
memory             0.0000            0.0000            0.0000            0.0000  (   0.00%)
black_box          0.0000            0.0000            0.0000            0.0000  (   0.00%)
clock_network  1.0889e-02        8.5770e-03           85.7325        1.9552e-02  (  15.03%)
register       8.9562e-02        8.4445e-04            9.3921        9.0416e-02  (  69.51%)
sequential         0.0000            0.0000            0.0000            0.0000  (   0.00%)
combinational  2.1536e-03        1.7858e-02          100.2092        2.0112e-02  (  15.46%)
--------------------------------------------------------------------------------------------------
Total              0.1026 mW     2.7279e-02 mW       195.3338 nW         0.1301 mW
Information: Propagating switching activity (low effort zero delay simulation). (PWR-6)
Warning: Design has unannotated primary inputs. (PWR-414)
Warning: Design has unannotated sequential cell outputs. (PWR-415)
 
****************************************
Report : power
        -analysis_effort low
Design : img2_jtag_tap_wrap
Scenario(s): norm.ssgnp0p72v125c.rcworst_CCworst
Version: P-2019.03-SP4
Date   : Wed Oct 30 14:46:32 2024
****************************************


Library(s) Used:

    tcbn16ffplusglbwp16p90cpdssgnp0p72v125c (File: /auto/da/project/16/selenga/lib/sc/syn/ssgnp0p72v125c/tcbn16ffplusglbwp16p90cpdssgnp0p72v125c.db)
    tcbn16ffplusglbwp16p90cpdlvtssgnp0p72v125c (File: /auto/da/project/16/selenga/lib/sc/syn/ssgnp0p72v125c/tcbn16ffplusglbwp16p90cpdlvtssgnp0p72v125c.db)
    tcbn16ffplusglbwp16p90cpdulvtssgnp0p72v125c (File: /auto/da/project/16/selenga/lib/sc/syn/ssgnp0p72v125c/tcbn16ffplusglbwp16p90cpdulvtssgnp0p72v125c.db)


Global Operating Voltage = 0.72 
Power-specific unit information :
    Voltage Units = 1V
    Capacitance Units = 1.000000pf
    Time Units = 1ns
    Dynamic Power Units = 1mW    (derived from V,C,T units)
    Leakage Power Units = 1nW

Information: Correlated power is not available. (PWR-761)
Power Breakdown
---------------

                             Cell        Driven Net  Tot Dynamic      Cell
                             Internal    Switching   Power (mW)       Leakage
Cell                         Power (mW)  Power (mW)  (% Cell/Tot)     Power (nW)
--------------------------------------------------------------------------------
Netlist Power                   0.0734      0.0184   9.179e-02 (80%)  3.826e+03
Estimated Clock Tree Power   N/A         N/A          (N/A)           N/A
--------------------------------------------------------------------------------

                 Internal         Switching           Leakage            Total
Power Group      Power            Power               Power              Power   (   %    )  Attrs
--------------------------------------------------------------------------------------------------
io_pad             0.0000            0.0000            0.0000            0.0000  (   0.00%)
memory             0.0000            0.0000            0.0000            0.0000  (   0.00%)
black_box          0.0000            0.0000            0.0000            0.0000  (   0.00%)
clock_network  6.8271e-03        5.8490e-03        1.5507e+03        1.4227e-02  (  14.88%)
register       6.4940e-02        5.6270e-04          493.5089        6.5997e-02  (  69.02%)
sequential         0.0000            0.0000            0.0000            0.0000  (   0.00%)
combinational  1.6268e-03        1.1983e-02        1.7823e+03        1.5392e-02  (  16.10%)
--------------------------------------------------------------------------------------------------
Total          7.3394e-02 mW     1.8394e-02 mW     3.8265e+03 nW     9.5615e-02 mW
1
